------------------------------------------------------------
Timing Analyzer Summary
------------------------------------------------------------

Type  : Slow 1100mV 125C Model Setup 'clk'
Slack : 0.302
TNS   : 0.000

Type  : Slow 1100mV 125C Model Hold 'clk'
Slack : 0.325
TNS   : 0.000

Type  : Slow 1100mV 125C Model Minimum Pulse Width 'clk'
Slack : 4.862
TNS   : 0.000

Type  : Slow 1100mV -40C Model Setup 'clk'
Slack : 0.218
TNS   : 0.000

Type  : Slow 1100mV -40C Model Hold 'clk'
Slack : 0.310
TNS   : 0.000

Type  : Slow 1100mV -40C Model Minimum Pulse Width 'clk'
Slack : 4.792
TNS   : 0.000

Type  : Fast 1100mV 125C Model Setup 'clk'
Slack : 2.943
TNS   : 0.000

Type  : Fast 1100mV 125C Model Hold 'clk'
Slack : 0.182
TNS   : 0.000

Type  : Fast 1100mV 125C Model Minimum Pulse Width 'clk'
Slack : 5.078
TNS   : 0.000

Type  : Fast 1100mV -40C Model Setup 'clk'
Slack : 3.444
TNS   : 0.000

Type  : Fast 1100mV -40C Model Hold 'clk'
Slack : 0.153
TNS   : 0.000

Type  : Fast 1100mV -40C Model Minimum Pulse Width 'clk'
Slack : 5.049
TNS   : 0.000

------------------------------------------------------------
